<!DOCTYPE html PUBLIC "-//W3C//DTD HTML 4.0 Transitional//EN" "http://www.w3.org/TR/REC-html40/loose.dtd">
<html><head>
<meta property="og:type" content="website">
<meta property="og:title" content="Title">
<meta property="og:url" content="http://www.example.com">
<meta property="og:image:url" content="http://www.example.com/image.jpg">
</head></html>
