<!DOCTYPE html PUBLIC "-//W3C//DTD HTML 4.0 Transitional//EN" "http://www.w3.org/TR/REC-html40/loose.dtd">
<html><head>
<meta property="og:type" content="book">
<meta property="og:title" content="Title">
<meta property="og:url" content="http://www.example.com">
<meta property="og:image:url" content="http://www.example.com/image.jpg">
<meta property="book:author" content="Haruki Murakami">
<meta property="book:isbn" content="978-3-16-148410-0">
<meta property="book:release_date" content="2020-06-05">
<meta property="book:tag" content="testing-tag">
<meta property="book:tag" content="testing-tag-2">
</head></html>
