<!DOCTYPE html PUBLIC "-//W3C//DTD HTML 4.0 Transitional//EN" "http://www.w3.org/TR/REC-html40/loose.dtd">
<html><head>
<meta property="og:type" content="profile">
<meta property="og:title" content="Profile | Example">
<meta property="og:url" content="http://www.example.com/profile">
<meta property="og:description" content="Description">
<meta property="og:locale" content="en_US">
<meta property="og:locale:alternate" content="en_GB">
<meta property="og:site_name" content="Example">
<meta property="og:image:url" content="http://www.example.com/image1.jpg">
<meta property="profile:first_name" content="Jane">
<meta property="profile:last_name" content="Doe">
<meta property="profile:username" content="janedoe">
<meta property="profile:gender" content="female">
</head></html>
