<!DOCTYPE html PUBLIC "-//W3C//DTD HTML 4.0 Transitional//EN" "http://www.w3.org/TR/REC-html40/loose.dtd">
<html><head>
<meta property="og:type" content="music.radio_station">
<meta property="og:title" content="Title | Example">
<meta property="og:url" content="http://www.example.com/radiostation">
<meta property="og:description" content="Description">
<meta property="og:locale" content="en_US">
<meta property="og:locale:alternate" content="en_GB">
<meta property="og:site_name" content="Example">
<meta property="og:image:url" content="http://www.example.com/image1.jpg">
<meta property="music:creator" content="http://www.example.com/creator">
</head></html>
