<!DOCTYPE html PUBLIC "-//W3C//DTD HTML 4.0 Transitional//EN" "http://www.w3.org/TR/REC-html40/loose.dtd">
<html><head>
<meta property="twitter:card" content="summary_large_image">
<meta property="twitter:title" content="Title | Example">
<meta property="twitter:description" content="Description">
<meta property="twitter:site" content="@astrotomic_oss">
<meta property="twitter:image" content="http://www.example.com/image1.jpg">
<meta property="twitter:image:alt" content="Image alternate text">
</head></html>
